
 Start  Stop   Length Name               Class

 00000H 00843H 00844H CHAT_TEXT          CODE
 00844H 02CD1H 0248EH SHELL_TEXT         CODE
 02CD2H 04E3CH 0216BH LOGIN_TEXT         CODE
 04E3DH 0509BH 0025FH PBUSER_TEXT        CODE
 0509CH 07B14H 02A79H READMSG_TEXT       CODE
 07B15H 083E3H 008CFH MAILCHK_TEXT       CODE
 083E4H 0966BH 01288H MSG_TEXT           CODE
 0966CH 0A1E7H 00B7CH ZIP_TEXT           CODE
 0A1E8H 0B752H 0156BH WRITEMSG_TEXT      CODE
 0B753H 0BBBBH 00469H TOPS_TEXT          CODE
 0BBBCH 0C09CH 004E1H FORWARD_TEXT       CODE
 0C09DH 0D14FH 010B3H REPLYMSG_TEXT      CODE
 0D150H 0D716H 005C7H TIMESTAT_TEXT      CODE
 0D717H 0D786H 00070H MSGDEL_TEXT        CODE
 0D787H 0DCEAH 00564H COMBINED_TEXT      CODE
 0DCEBH 0E607H 0091DH QUESTION_TEXT      CODE
 0E608H 0E70CH 00105H AKA_TEXT           CODE
 0E70DH 0F754H 01048H QSCANMSG_TEXT      CODE
 0F755H 1099EH 0124AH SHOWMSG_TEXT       CODE
 1099FH 11A31H 01093H SCANMSG_TEXT       CODE
 11A32H 11B90H 0015FH VERSION_TEXT       CODE
 11B91H 11DE0H 00250H RAWDIR_TEXT        CODE
 11DE1H 12FC4H 011E4H MSGED_TEXT         CODE
 12FC5H 174FBH 04537H DL_TEXT            CODE
 174FCH 17623H 00128H VIEWFILE_TEXT      CODE
 17624H 17683H 00060H LASTCALL_TEXT      CODE
 17684H 176B7H 00034H DESQVIEW_TEXT      CODE
 176B8H 1776AH 000B3H STACKING_TEXT      CODE
 1776BH 17BE3H 00479H CLEANUP_TEXT       CODE
 17BE4H 18112H 0052FH SYSOPKEY_TEXT      CODE
 18113H 18370H 0025EH MSGFIND_TEXT       CODE
 18371H 18696H 00326H BINLOG_TEXT        CODE
 18697H 18AE4H 0044EH PROTOCOL_TEXT      CODE
 18AE5H 1BB28H 03044H LISTFILE_TEXT      CODE
 1BB29H 1E5B6H 02A8EH UL_TEXT            CODE
 1E5B7H 1E95AH 003A4H TAG_TEXT           CODE
 1E95BH 1EE50H 004F6H SELLANG_TEXT       CODE
 1EE51H 20872H 01A22H PROBOARD_TEXT      CODE
 20873H 211E6H 00974H NODELIST_TEXT      CODE
 211E7H 219C4H 007DEH ONLINE_TEXT        CODE
 219C5H 21B99H 001D5H MSGMOVE_TEXT       CODE
 21B9AH 221F3H 0065AH CDROM_TEXT         CODE
 221F4H 22D2AH 00B37H REGIS_TEXT         CODE
 22D2BH 23887H 00B5DH MCHAT_TEXT         CODE
 23888H 24C75H 013EEH SETAREA_TEXT       CODE
 24C76H 2503AH 003C5H USERED_TEXT        CODE
 2503BH 25549H 0050FH DECKEY_TEXT        CODE
 2554AH 25945H 003FCH MUSIC_TEXT         CODE
 25946H 25D24H 003DFH GIF_TEXT           CODE
 25D25H 2698BH 00C67H MSGEXPRT_TEXT      CODE
 2698CH 26D3DH 003B2H HELP_TEXT          CODE
 26D3EH 26D73H 00036H EGA_TEXT           CODE
 26D74H 26FD8H 00265H EVENT_TEXT         CODE
 26FD9H 277C8H 007F0H FILEAREA_TEXT      CODE
 277C9H 27EB4H 006ECH MSGAREA_TEXT       CODE
 27EB5H 281F0H 0033CH TIMELOG_TEXT       CODE
 281F1H 282AEH 000BEH WORDWRAP_TEXT      CODE
 282AFH 284E3H 00235H SHOWANS_TEXT       CODE
 284E4H 2A43FH 01F5CH USERSET_TEXT       CODE
 2A440H 2A4FFH 000C0H USAGE_TEXT         CODE
 2A500H 2E9D9H 044DAH LOADPEX_TEXT       CODE
 2E9DAH 2EAF2H 00119H IMAGE_TEXT         CODE
 2EAF3H 2ED79H 00287H POSTMSG_TEXT       CODE
 2ED7AH 2EDA1H 00028H PEXCALL_TEXT       CODE
 2EDA2H 2F8A3H 00B02H STRVARS_TEXT       CODE
 2F8A4H 2FE92H 005EFH USERWIN_TEXT       CODE
 2FE93H 30055H 001C3H BULLETIN_TEXT      CODE
 30056H 31FF4H 01F9FH MODEM_TEXT         CODE
 31FF5H 31FF9H 00005H EXECHECK_TEXT      CODE
 31FFAH 32816H 0081DH LANGUAGE_TEXT      CODE
 32817H 33029H 00813H FUZZY_TEXT         CODE
 3302AH 332E3H 002BAH TERMINAL_TEXT      CODE
 332E4H 356FBH 02418H SQUISH_TEXT        CODE
 356FCH 380E3H 029E8H HUDSON_TEXT        CODE
 380E4H 38400H 0031DH MSGBASE_TEXT       CODE
 38401H 38B62H 00762H MARK_TEXT          CODE
 38B63H 39BFBH 01099H RIP_TEXT           CODE
 39BFCH 3C51CH 02921H JAM_TEXT           CODE
 3C51DH 3C704H 001E8H INPDATE_TEXT       CODE
 3C705H 3CA56H 00352H TAG_RW_TEXT        CODE
 3CA58H 3CA58H 00000H EXEC_TEXT          CODE
 3CA58H 431C9H 06772H _TEXT              CODE
 431CAH 45642H 02479H IO_TEXT            CODE
 45644H 45769H 00126H FOSSIL_TEXT        CODE
 4576AH 474D1H 01D68H MENU_TEXT          CODE
 474D2H 48B2EH 0165DH MISC_TEXT          CODE
 48B2FH 49653H 00B25H TIMER_TEXT         CODE
 49654H 49D82H 0072FH PB_LIB_TEXT        CODE
 49D83H 4A5ABH 00829H LANG_TEXT          CODE
 4A5ACH 4D08EH 02AE3H USER_TEXT          CODE
 4D08FH 4E5CDH 0153FH DATE_TEXT          CODE
 4E5CEH 4E84BH 0027EH DIRSCAN_TEXT       CODE
 4E84CH 4E883H 00038H FIND_TEXT          CODE
 4E884H 4F803H 00F80H DSTRING_TEXT       CODE
 4F804H 4F9A4H 001A1H BITARRAY_TEXT      CODE
 4F9A5H 4FA1EH 0007AH SOUND_TEXT         CODE
 4FA1FH 4FAF2H 000D4H CRC16_TEXT         CODE
 4FAF3H 4FC37H 00145H CRC32_TEXT         CODE
 4FC38H 4FC9FH 00068H FORM_TEXT          CODE
 4FCA0H 4FDB9H 0011AH MSDOS_TEXT         CODE
 4FDBAH 502D8H 0051FH FNAME_TEXT         CODE
 502D9H 5160AH 01332H FILE_TEXT          CODE
 5160BH 51C46H 0063CH INIVAR_TEXT        CODE
 51C47H 522CCH 00686H DIRFUNC_TEXT       CODE
 522CDH 5251FH 00253H COPYFILE_TEXT      CODE
 52520H 5268BH 0016CH 1STCHAR_TEXT       CODE
 5268CH 52DEDH 00762H MSGAPI_TEXT        CODE
 52DEEH 54A88H 01C9BH API_SDM_TEXT       CODE
 54A89H 57FF9H 03571H API_SQ_TEXT        CODE
 57FFAH 58045H 0004CH SQASM_TEXT         CODE
 58046H 58242H 001FDH CVTDATE_TEXT       CODE
 58243H 5848AH 00248H DATE2BIN_TEXT      CODE
 5848BH 584C8H 0003EH DOSDATE_TEXT       CODE
 584C9H 58658H 00190H FEXIST_TEXT        CODE
 58659H 58702H 000AAH FFIND_TEXT         CODE
 58704H 58719H 00016H FLUSHA_TEXT        CODE
 5871AH 5871AH 00000H MONTHS_TEXT        CODE
 5871AH 58A1AH 00301H PARSENN_TEXT       CODE
 58A1BH 58B3FH 00125H QKSORT_TEXT        CODE
 58B40H 58E69H 0032AH STRFTIM_TEXT       CODE
 58E6AH 58F76H 0010DH STRISTR_TEXT       CODE
 58F77H 58FB3H 0003DH STROCPY_TEXT       CODE
 58FB4H 5904BH 00098H TRAIL_TEXT         CODE
 5904CH 5904CH 00000H WEEKDAY_TEXT       CODE
 5904CH 591AEH 00163H INIT_TEXT          CODE
 591AFH 59302H 00154H KEYBOARD_TEXT      CODE
 59303H 597A8H 004A6H RECTANG_TEXT       CODE
 597A9H 5B384H 01BDCH WINDOW_TEXT        CODE
 5B386H 5B836H 004B1H PWS_ASM_TEXT       CODE
 5B837H 5BA4BH 00215H SAVEBUF_TEXT       CODE
 5BA4CH 5BAD7H 0008CH TSW_ASM_TEXT       CODE
 5BAD8H 5CCCFH 011F8H _OVRTEXT_          CODE
 5CCD0H 637D3H 06B04H _DATA              DATA
 637D4H 637D5H 00002H _CVTSEG            DATA
 637D6H 637DBH 00006H _SCNSEG            DATA
 637DCH 6768FH 03EB4H _BSS               BSS
 67690H 676E9H 0005AH _EXIT_             EXITDATA
 676EAH 676EAH 00000H _EXITEND_          EXITDATA
 676EAH 67755H 0006CH _INIT_             INITDATA
 67756H 67756H 00000H _INITEND_          INITDATA
 67760H 67F2FH 007D0H PROBOARD5_DATA     FAR_DATA
 67F30H 67F30H 00000H _FARDATA           FAR_DATA
 67F30H 67F30H 00000H _FARBSS            FAR_BSS
 67F30H 67F30H 00000H _OVERLAY_          OVRINFO
 67F30H 6803BH 0010CH _OVRDATA_          OVRINFO
 68040H 6805DH 0001EH _STUB_             OVRINFO
 68060H 6806FH 00010H _EXTSEG_           OVRINFO
 68070H 6807FH 00010H _EMSSEG_           OVRINFO
 68080H 680CFH 00050H _VDISKSEG_         OVRINFO
 680D0H 685A7H 004D8H _EXEINFO_          OVRINFO
 680D0H 680D0H 00000H _1STUB_            STUBSEG
 680D0H 680D0H 00000H _CONST             CONST
 680D0H 680D0H 00000H _BSSEND            BSSEND
 685B0H 6862FH 00080H _STACK             STACK

Program entry point at 3CA5:08E3

